MPASM  5.35               PROPELLER CLOCK.ASM   6-14-2017  2:03:19         PAGE  1


LOC  OBJECT CODE     LINE SOURCE TEXT
  VALUE

                      00001 ; Propeller clock to display OTP
                      00002 ; RB7 is top, RB0 is bottom
                      00003 
                      00004 MAIN_PROG CODE
                      00005 
0000                  00006 START
                      00007 
                      00008 #include <p16f887.inc>
                      00001         LIST
                      00002 ; P16F887.INC  Standard Header File, Version 1.00    Microchip Technology, Inc.
Message[301]: MESSAGE: (Processor-header file mismatch.  Verify selected processor.)
                      00617         LIST
                      00009  
  00000020            00010 COUNT EQU 0x20
  00000021            00011 DELAY_COUNT EQU 0x21
  00000015            00012 ENTRIES EQU .21 ; however many entries for LEDs
                      00013 
                      00014  
                      00015  
0000                  00016 reset:
                      00017     ORG 0x00
0000   2???           00018     GOTO setup
                      00019         ORG 0x04
0004   2???           00020         GOTO isr
                      00021   
                      00022 
0005                  00023 setup:
0005   1683 1703      00024     BANKSEL ANSELH
Message[302]: Register in operand not in bank 0.  Ensure that bank bits are correct.
0007   0189           00025         CLRF ANSELH ; digital I/O
0008   1683 1303      00026         BANKSEL TRISB
Message[302]: Register in operand not in bank 0.  Ensure that bank bits are correct.
000A   0186           00027         CLRF TRISB ; all output
000B   1283 1303      00028         BANKSEL PORTB
000D   3000           00029         MOVLW 0x00
000E   00A0           00030         MOVWF COUNT
                      00031         
000F                  00032 main:
000F   0820           00033         MOVF COUNT, 0
0010   2???           00034         CALL display
0011   0086           00035         MOVWF PORTB
0012   2???           00036         CALL oneDegreeDelay
Message[305]: Using default destination of 1 (file).
0013   0AA0           00037         INCF COUNT
0014   0820           00038         MOVF COUNT, 0
0015   3C15           00039         SUBLW ENTRIES 
0016   1903           00040         BTFSC STATUS, Z
0017   2???           00041         CALL endOfDisplay
0018   2???           00042         GOTO main
                      00043         
                      00044         
0019                  00045 oneDegreeDelay:
0019   3032           00046         MOVLW .50
MPASM  5.35               PROPELLER CLOCK.ASM   6-14-2017  2:03:19         PAGE  2


LOC  OBJECT CODE     LINE SOURCE TEXT
  VALUE

001A   00A1           00047         MOVWF DELAY_COUNT
Warning[207]: Found label after column 1. (degLoop)
001B                  00048         degLoop:
Message[305]: Using default destination of 1 (file).
001B   0BA1           00049                 DECFSZ DELAY_COUNT
001C   2???           00050                 GOTO degLoop
001D   0008           00051         RETURN
                      00052 
                      00053         
                      00054         
001E                  00055 endOfDisplay: ;360-blocks used for display delays
001E   0186           00056         CLRF PORTB
001F   3069           00057         MOVLW .105
0020   00A0           00058         MOVWF COUNT
Warning[207]: Found label after column 1. (loop2)
0021                  00059         loop2: 
0021   2???           00060                 CALL oneDegreeDelay
Message[305]: Using default destination of 1 (file).
0022   0BA0           00061                 DECFSZ COUNT
0023   2???           00062                 GOTO loop2
0024   30FF           00063         MOVLW .255
0025   3C15           00064         SUBLW ENTRIES
0026   00A0           00065         MOVWF COUNT
Warning[207]: Found label after column 1. (loop)
0027                  00066         loop: 
0027   2???           00067                 CALL oneDegreeDelay
Message[305]: Using default destination of 1 (file).
0028   0BA0           00068                 DECFSZ COUNT
0029   2???           00069                 GOTO loop
002A   3000           00070         MOVLW .0
002B   00A0           00071         MOVWF COUNT
002C   0008           00072         RETURN
                      00073         
                      00074         
002D                  00075 display:
002D   0782           00076         ADDWF PCL, F
002E   34FF           00077         RETLW b'11111111'
002F   3481           00078         Retlw b'10000001'
0030   3481           00079         RETLW B'10000001'
0031   3481           00080         RETLW B'10000001'
0032   34FF           00081         RETLW B'11111111'
0033   3400           00082         RETLW B'00000000'
0034   3400           00083         RETLW B'00000000'
0035   3400           00084         RETLW B'00000000'
0036   3480           00085         RETLW B'10000000'
0037   3480           00086         RETLW B'10000000'
0038   34FF           00087         RETLW B'11111111'
0039   3480           00088         RETLW B'10000000'
003A   3480           00089         RETLW B'10000000'
003B   3400           00090         RETLW B'00000000'
003C   3400           00091         RETLW B'00000000'
003D   3400           00092         RETLW B'00000000'
003E   34FF           00093         RETLW B'11111111'
MPASM  5.35               PROPELLER CLOCK.ASM   6-14-2017  2:03:19         PAGE  3


LOC  OBJECT CODE     LINE SOURCE TEXT
  VALUE

003F   3490           00094         RETLW B'10010000'
0040   3490           00095         RETLW B'10010000'
0041   3490           00096         RETLW B'10010000'
0042   34F0           00097         RETLW B'11110000'
                      00098         
                      00099         
0043                  00100 isr:
0043   0000           00101         NOP
0044   0009           00102         RETFIE
                      00103     
0045                  00104 _end: 
                      00105     END
MPASM  5.35               PROPELLER CLOCK.ASM   6-14-2017  2:03:19         PAGE  4


SYMBOL TABLE
  LABEL                             VALUE 

ABDEN                             00000000
ABDOVF                            00000007
ACKDT                             00000005
ACKEN                             00000004
ACKSTAT                           00000006
ADCON0                            0000001F
ADCON1                            0000009F
ADCS0                             00000006
ADCS1                             00000007
ADDEN                             00000003
ADFM                              00000007
ADIE                              00000006
ADIF                              00000006
ADON                              00000000
ADRESH                            0000001E
ADRESL                            0000009E
ANS0                              00000000
ANS1                              00000001
ANS10                             00000002
ANS11                             00000003
ANS12                             00000004
ANS13                             00000005
ANS2                              00000002
ANS3                              00000003
ANS4                              00000004
ANS5                              00000005
ANS6                              00000006
ANS7                              00000007
ANS8                              00000000
ANS9                              00000001
ANSEL                             00000188
ANSELH                            00000189
BAUDCTL                           00000187
BCLIE                             00000003
BCLIF                             00000003
BF                                00000000
BRG0                              00000000
BRG1                              00000001
BRG10                             00000002
BRG11                             00000003
BRG12                             00000004
BRG13                             00000005
BRG14                             00000006
BRG15                             00000007
BRG16                             00000003
BRG2                              00000002
BRG3                              00000003
BRG4                              00000004
BRG5                              00000005
BRG6                              00000006
BRG7                              00000007
BRG8                              00000000
BRG9                              00000001
MPASM  5.35               PROPELLER CLOCK.ASM   6-14-2017  2:03:19         PAGE  5


SYMBOL TABLE
  LABEL                             VALUE 

BRGH                              00000002
C                                 00000000
C1CH0                             00000000
C1CH1                             00000001
C1IE                              00000005
C1IF                              00000005
C1OE                              00000005
C1ON                              00000007
C1OUT                             00000006
C1POL                             00000004
C1R                               00000002
C1RSEL                            00000005
C1SEN                             00000005
C2CH0                             00000000
C2CH1                             00000001
C2IE                              00000006
C2IF                              00000006
C2OE                              00000005
C2ON                              00000007
C2OUT                             00000006
C2POL                             00000004
C2R                               00000002
C2REN                             00000004
C2RSEL                            00000004
C2SYNC                            00000000
CCP1CON                           00000017
CCP1IE                            00000002
CCP1IF                            00000002
CCP1M0                            00000000
CCP1M1                            00000001
CCP1M2                            00000002
CCP1M3                            00000003
CCP1X                             00000005
CCP1Y                             00000004
CCP2CON                           0000001D
CCP2IE                            00000000
CCP2IF                            00000000
CCP2M0                            00000000
CCP2M1                            00000001
CCP2M2                            00000002
CCP2M3                            00000003
CCP2X                             00000005
CCP2Y                             00000004
CCPR1H                            00000016
CCPR1L                            00000015
CCPR2H                            0000001C
CCPR2L                            0000001B
CHS0                              00000002
CHS1                              00000003
CHS2                              00000004
CHS3                              00000005
CKE                               00000006
CKP                               00000004
MPASM  5.35               PROPELLER CLOCK.ASM   6-14-2017  2:03:19         PAGE  6


SYMBOL TABLE
  LABEL                             VALUE 

CM1CON0                           00000107
CM2CON0                           00000108
CM2CON1                           00000109
COUNT                             00000020
CREN                              00000004
CSRC                              00000007
D                                 00000005
DATA_ADDRESS                      00000005
DC                                00000001
DC1B0                             00000004
DC1B1                             00000005
DC2B0                             00000004
DC2B1                             00000005
DELAY_COUNT                       00000021
D_A                               00000005
ECCPAS                            0000009C
ECCPAS0                           00000004
ECCPAS1                           00000005
ECCPAS2                           00000006
ECCPASE                           00000007
EEADR                             0000010D
EEADRH                            0000010F
EECON1                            0000018C
EECON2                            0000018D
EEDAT                             0000010C
EEDATA                            0000010C
EEDATH                            0000010E
EEIE                              00000004
EEIF                              00000004
EEPGD                             00000007
ENTRIES                           00000015
F                                 00000001
FERR                              00000002
FSR                               00000004
FVREN                             00000000
GCEN                              00000007
GIE                               00000007
GO                                00000001
GO_DONE                           00000001
HTS                               00000002
I2C_DATA                          00000005
I2C_READ                          00000002
I2C_START                         00000003
I2C_STOP                          00000004
INDF                              00000000
INTCON                            0000000B
INTE                              00000004
INTEDG                            00000006
INTF                              00000001
IOCB                              00000096
IOCB0                             00000000
IOCB1                             00000001
IOCB2                             00000002
MPASM  5.35               PROPELLER CLOCK.ASM   6-14-2017  2:03:19         PAGE  7


SYMBOL TABLE
  LABEL                             VALUE 

IOCB3                             00000003
IOCB4                             00000004
IOCB5                             00000005
IOCB6                             00000006
IOCB7                             00000007
IRCF0                             00000004
IRCF1                             00000005
IRCF2                             00000006
IRP                               00000007
LTS                               00000001
MC1OUT                            00000007
MC2OUT                            00000006
MSK                               00000093
NOT_A                             00000005
NOT_ADDRESS                       00000005
NOT_BO                            00000000
NOT_BOR                           00000000
NOT_DONE                          00000001
NOT_PD                            00000003
NOT_POR                           00000001
NOT_RBPU                          00000007
NOT_RC8                           00000006
NOT_T1SYNC                        00000002
NOT_TO                            00000004
NOT_TX8                           00000006
NOT_W                             00000002
NOT_WRITE                         00000002
OERR                              00000001
OPTION_REG                        00000081
OSCCON                            0000008F
OSCTUNE                           00000090
OSFIE                             00000007
OSFIF                             00000007
OSTS                              00000003
P                                 00000004
P1M0                              00000006
P1M1                              00000007
PCL                               00000002
PCLATH                            0000000A
PCON                              0000008E
PDC0                              00000000
PDC1                              00000001
PDC2                              00000002
PDC3                              00000003
PDC4                              00000004
PDC5                              00000005
PDC6                              00000006
PEIE                              00000006
PEN                               00000002
PIE1                              0000008C
PIE2                              0000008D
PIR1                              0000000C
PIR2                              0000000D
MPASM  5.35               PROPELLER CLOCK.ASM   6-14-2017  2:03:19         PAGE  8


SYMBOL TABLE
  LABEL                             VALUE 

PORTA                             00000005
PORTB                             00000006
PORTC                             00000007
PORTD                             00000008
PORTE                             00000009
PR2                               00000092
PRSEN                             00000007
PS0                               00000000
PS1                               00000001
PS2                               00000002
PSA                               00000003
PSSAC0                            00000002
PSSAC1                            00000003
PSSBD0                            00000000
PSSBD1                            00000001
PSTRCON                           0000009D
PULSR                             00000002
PULSS                             00000003
PWM1CON                           0000009B
R                                 00000002
RBIE                              00000003
RBIF                              00000000
RC8_9                             00000006
RC9                               00000006
RCD8                              00000000
RCEN                              00000003
RCIDL                             00000006
RCIE                              00000005
RCIF                              00000005
RCREG                             0000001A
RCSTA                             00000018
RD                                00000000
READ_WRITE                        00000002
RP0                               00000005
RP1                               00000006
RSEN                              00000001
RX9                               00000006
RX9D                              00000000
R_W                               00000002
S                                 00000003
SBOREN                            00000004
SCKP                              00000004
SCS                               00000000
SEN                               00000000
SENDB                             00000003
SMP                               00000007
SPBRG                             00000099
SPBRGH                            0000009A
SPEN                              00000007
SR0                               00000006
SR1                               00000007
SRCON                             00000185
SREN                              00000005
MPASM  5.35               PROPELLER CLOCK.ASM   6-14-2017  2:03:19         PAGE  9


SYMBOL TABLE
  LABEL                             VALUE 

SSPADD                            00000093
SSPBUF                            00000013
SSPCON                            00000014
SSPCON2                           00000091
SSPEN                             00000005
SSPIE                             00000003
SSPIF                             00000003
SSPM0                             00000000
SSPM1                             00000001
SSPM2                             00000002
SSPM3                             00000003
SSPMSK                            00000093
SSPOV                             00000006
SSPSTAT                           00000094
START                             00000000
STATUS                            00000003
STRA                              00000000
STRB                              00000001
STRC                              00000002
STRD                              00000003
STRSYNC                           00000004
SWDTEN                            00000000
SYNC                              00000004
T0CS                              00000005
T0IE                              00000005
T0IF                              00000002
T0SE                              00000004
T1CKPS0                           00000004
T1CKPS1                           00000005
T1CON                             00000010
T1GIV                             00000007
T1GSS                             00000001
T1INSYNC                          00000002
T1OSCEN                           00000003
T1SYNC                            00000002
T2CKPS0                           00000000
T2CKPS1                           00000001
T2CON                             00000012
TMR0                              00000001
TMR0IE                            00000005
TMR0IF                            00000002
TMR1CS                            00000001
TMR1GE                            00000006
TMR1H                             0000000F
TMR1IE                            00000000
TMR1IF                            00000000
TMR1L                             0000000E
TMR1ON                            00000000
TMR2                              00000011
TMR2IE                            00000001
TMR2IF                            00000001
TMR2ON                            00000002
TOUTPS0                           00000003
MPASM  5.35               PROPELLER CLOCK.ASM   6-14-2017  2:03:19         PAGE 10


SYMBOL TABLE
  LABEL                             VALUE 

TOUTPS1                           00000004
TOUTPS2                           00000005
TOUTPS3                           00000006
TRISA                             00000085
TRISB                             00000086
TRISC                             00000087
TRISD                             00000088
TRISE                             00000089
TRMT                              00000001
TUN0                              00000000
TUN1                              00000001
TUN2                              00000002
TUN3                              00000003
TUN4                              00000004
TX8_9                             00000006
TX9                               00000006
TX9D                              00000000
TXD8                              00000000
TXEN                              00000005
TXIE                              00000004
TXIF                              00000004
TXREG                             00000019
TXSTA                             00000098
UA                                00000001
ULPWUE                            00000005
ULPWUIE                           00000002
ULPWUIF                           00000002
VCFG0                             00000004
VCFG1                             00000005
VR0                               00000000
VR1                               00000001
VR2                               00000002
VR3                               00000003
VRCON                             00000097
VREN                              00000007
VROE                              00000006
VRR                               00000005
VRSS                              00000004
W                                 00000000
WCOL                              00000007
WDTCON                            00000105
WDTPS0                            00000001
WDTPS1                            00000002
WDTPS2                            00000003
WDTPS3                            00000004
WPUB                              00000095
WPUB0                             00000000
WPUB1                             00000001
WPUB2                             00000002
WPUB3                             00000003
WPUB4                             00000004
WPUB5                             00000005
WPUB6                             00000006
MPASM  5.35               PROPELLER CLOCK.ASM   6-14-2017  2:03:19         PAGE 11


SYMBOL TABLE
  LABEL                             VALUE 

WPUB7                             00000007
WR                                00000001
WREN                              00000002
WRERR                             00000003
WUE                               00000001
Z                                 00000002
_BOR21V                           00003EFF
_BOR40V                           00003FFF
_BOR_NSLEEP                       00003EFF
_BOR_OFF                          00003CFF
_BOR_ON                           00003FFF
_BOR_SBODEN                       00003DFF
_CONFIG1                          00002007
_CONFIG2                          00002008
_CPD_OFF                          00003FFF
_CPD_ON                           00003F7F
_CP_OFF                           00003FFF
_CP_ON                            00003FBF
_DEBUG_OFF                        00003FFF
_DEBUG_ON                         00001FFF
_EC_OSC                           00003FFB
_EXTRC                            00003FFF
_EXTRCIO                          00003FFE
_EXTRC_OSC_CLKOUT                 00003FFF
_EXTRC_OSC_NOCLKOUT               00003FFE
_FCMEN_OFF                        000037FF
_FCMEN_ON                         00003FFF
_HS_OSC                           00003FFA
_IESO_OFF                         00003BFF
_IESO_ON                          00003FFF
_INTOSC                           00003FFD
_INTOSCIO                         00003FFC
_INTRC_OSC_CLKOUT                 00003FFD
_INTRC_OSC_NOCLKOUT               00003FFC
_LP_OSC                           00003FF8
_LVP_OFF                          00002FFF
_LVP_ON                           00003FFF
_MCLRE_OFF                        00003FDF
_MCLRE_ON                         00003FFF
_PWRTE_OFF                        00003FFF
_PWRTE_ON                         00003FEF
_WDT_OFF                          00003FF7
_WDT_ON                           00003FFF
_WRT_1FOURTH                      00003BFF
_WRT_256                          00003DFF
_WRT_HALF                         000039FF
_WRT_OFF                          00003FFF
_XT_OSC                           00003FF9
__16F877A                         00000001
_end                              00000045
degLoop                           0000001B
display                           0000002D
endOfDisplay                      0000001E
MPASM  5.35               PROPELLER CLOCK.ASM   6-14-2017  2:03:19         PAGE 12


SYMBOL TABLE
  LABEL                             VALUE 

isr                               00000043
loop                              00000027
loop2                             00000021
main                              0000000F
oneDegreeDelay                    00000019
reset                             00000000
setup                             00000005

Errors   :     0
Warnings :     3 reported,     0 suppressed
Messages :     7 reported,     0 suppressed

